### ======================================================= linux安装中文字体方法1
% 空格键选中目标　,tab键切换
# env | grep LANG               查看语系环境
# locale -a                     语系字符集查看
# dpkg-reconfigure locales      语言环境设定
zh_CN.GB2312
zh_CN.GBK GBk
zh_CN.UTF-8 UTF-8
en_US.UTF-8 UTF-8


% 适用于Debian系统, Asia亚洲, 用于修改系统时区
# dpkg-reconfigure tzdata


% debain无图形界面安装中文语言包
% 然后建立字体索引信息，更新字体缓存，使用如下命令
# cp ubuntu/usr/share/fonts debian/usr/share/
# cd /usr/share/fonts/
# mkfontscale
# mkfontdir
# fc-cache -fv
$ fc-list :lang=zh


### ======================================================= linux安装中文字体方法2
1. 首先获得一套“微软雅黑”字体库（Google一下一大把），
   包含两个文件msyh.ttf（普通）、msyhbd.ttf（加粗）；
2. 在/usr/share/fonts目录下建立一个子目录，例如win，命令如下：
    # mkdir /usr/share/fonts/win
3. 将msyh.ttf和msyhbd.ttf复制到该目录下，
   例如这两个文件放在/root/Desktop下，使用命令：
    # cd /root/Desktop
    # cp msyh.ttf msyhbd.ttf  /usr/share/fonts/win/
4. 建立字体索引信息，更新字体缓存：
    # cd /usr/share/fonts/win
    # mkfontscale
    # mkfontdir
    # fc-cache
    至此，字体已经安装完毕！





### ==========================================  Linux下安装宋体以及微软雅黑字体
% 最近工作用itext生成pdf在windows环境下没有出现中文乱码而在linux下出现中文乱码，
% 打开pdf查看pdf编码，以及显示的编码，发现编码并没有对应。
% 原因是使用的宋体和微软雅黑在linux环境下并没有安装。
解决方法：
1.到windows环境下将所需字体拷贝到linux下。(simsun.ttc(宋体),msyf.ttf（微软雅黑）)
2.到linux环境下创建目录
mkdir -pv /usr/share/fonts/chinese/TrueType
将字体放入目录下
cd /usr/share/fonts/chinese/TrueType
chmod 755 * 为字体赋予可执行权限
3.建立字体缓存
# mkfontscale （如果提示 mkfontscale: command not found，需自行安装 # yum install mkfontscale ）
# mkfontdir
# fc-cache -fv （如果提示 fc-cache: command not found，则需要安装# yum install fontconfig ）
4.reboot重启系统





alsamixer是Linux 音频架构ALSA中的Alsa工具的其中一个，
用于配置音频的各个参数。alsamixer是基于文本下的图形界面的，
可以通过键盘的上下键，左右键等，很方便地设置需要的音量，开关某个switch（开关）等等操作。

1.运行alsamixer 提示未安装

root@greatwall-os:~# alsamixer 
程序“alsamixer”尚未安装。 您可以使用以下命令安装：
apt install alsa-utils

2.安装alsa-utils

alsa-utils下载地址：http://www.alsa-project.org/main/index.php/Main_Page

configure报错：

configure: error: Sufficiently new version of libasound not found.

解决：

安装alsa-lib-1.1.6，下载地址：http://www.alsa-project.org/main/index.php/Main_Page

root@greatwall-os:~/beep/alsa-lib-1.1.6# ./configure

root@greatwall-os:~/beep/alsa-lib-1.1.6# make install

alsa-utils重新configure成功

root@greatwall-os:~/beep/alsa-utils-1.1.6# make install

make[2]: Entering directory '/root/beep/alsa-utils-1.1.6/alsaconf/po'
mv: 无法获取't-ja.gmo' 的文件状态(stat): 没有那个文件或目录
Makefile:41: recipe for target 'ja.gmo' failed
make[2]: *** [ja.gmo] Error 1
make[2]: Leaving directory '/root/beep/alsa-utils-1.1.6/alsaconf/po'
Makefile:379: recipe for target 'install-recursive' failed
make[1]: *** [install-recursive] Error 1
make[1]: Leaving directory '/root/beep/alsa-utils-1.1.6/alsaconf'
Makefile:355: recipe for target 'install-recursive' failed
make: *** [install-recursive] Error 1

解决：
创建一个空的文件：

root@greatwall-os:~/beep/alsa-utils-1.1.6/alsaconf/po# touch t-ja.gmo

root@greatwall-os:~/beep/alsa-utils-1.1.6/alsaconf/po# pwd
/root/beep/alsa-utils-1.1.6/alsaconf/po

接下来又报错：

make[2]: Entering directory '/root/beep/alsa-utils-1.1.6/alsaconf/po'
mv: 无法获取't-ru.gmo' 的文件状态(stat): 没有那个文件或目录
Makefile:41: recipe for target 'ru.gmo' failed
make[2]: *** [ru.gmo] Error 1
make[2]: Leaving directory '/root/beep/alsa-utils-1.1.6/alsaconf/po'
Makefile:379: recipe for target 'all-recursive' failed
make[1]: *** [all-recursive] Error 1
make[1]: Leaving directory '/root/beep/alsa-utils-1.1.6/alsaconf'
Makefile:355: recipe for target 'all-recursive' failed
make: *** [all-recursive] Error 1

解决：

创建一个空的目录：

root@greatwall-os:~/beep/alsa-utils-1.1.6/alsaconf/po# touch t-ru.gmo

[Note] System unauthorized, Please contact the system supplier.

root@greatwall-os:~/beep/alsa-utils-1.1.6/alsaconf/po# pwd
/root/beep/alsa-utils-1.1.6/alsaconf/po

root@greatwall-os:~/beep/alsa-utils-1.1.6# make install

3.运行alsamixer  

root@greatwall-os:~/beep/alsa-lib-1.1.6# alsamixer  
No protocol specified
xcb_connection_has_error() 返回真
cannot open mixer: 没有那个文件或目录

解决：需要将root用户加入audio用户组

usermod -G audio root

root@greatwall-os:~/beep/alsa-lib-1.1.6# alsamixer  







